Testing USE_LOG_TRANSFORMATION implementation...
Original Y: [1.0, 2.718281828, 7.389056099, 20.08553692, 54.59815003, 0.0, -5.0]
Running short search with log transform...
Info: Log Transformation is ON (Target = ln(Y)).
Warning: Filtering out 2 zero or negative data points for log transformation.
[The Sniper] Detected Linear Pattern: ((1 * x) - 1.64749565e-07)
Best formula found: ((1 * x) - 1.64749565e-07)
Test finished. Verify above output for 'Info: Log Transformation is ON' and 'Warning: Filtering out...'
